../Core/Src/main.c:84:5:main	72	static
../Core/Src/main.c:148:6:SystemClock_Config	88	static
../Core/Src/main.c:196:13:MX_TIM2_Init	32	static
../Core/Src/main.c:244:13:MX_TIM3_Init	32	static
../Core/Src/main.c:289:13:MX_TIM10_Init	8	static
../Core/Src/main.c:320:13:MX_USART2_UART_Init	8	static
../Core/Src/main.c:353:13:MX_GPIO_Init	48	static
../Core/Src/main.c:403:6:HAL_TIM_IC_CaptureCallback	16	static
../Core/Src/main.c:440:6:HAL_TIM_PeriodElapsedCallback	16	static
../Core/Src/main.c:462:6:Error_Handler	4	static,ignoring_inline_asm
